// Jest Snapshot v1, https://goo.gl/fbAQLP

exports[`Index should render index page 1`] = `ShallowWrapper {}`;
